Analysis & Synthesis report for morse
Tue Dec 16 14:23:43 2025
Quartus Prime Version 18.1.0 Build 625 09/12/2018 SJ Lite Edition


---------------------
; Table of Contents ;
---------------------
  1. Legal Notice
  2. Analysis & Synthesis Summary
  3. Analysis & Synthesis Settings
  4. Parallel Compilation
  5. Analysis & Synthesis Source Files Read
  6. Analysis & Synthesis Resource Usage Summary
  7. Analysis & Synthesis Resource Utilization by Entity
  8. Registers Removed During Synthesis
  9. Removed Registers Triggering Further Register Optimizations
 10. General Register Statistics
 11. Inverted Register Statistics
 12. Multiplexer Restructuring Statistics (Restructuring Performed)
 13. Parameter Settings for User Entity Instance: morse_input:u_input
 14. Post-Synthesis Netlist Statistics for Top Partition
 15. Elapsed Time Per Partition
 16. Analysis & Synthesis Messages



----------------
; Legal Notice ;
----------------
Copyright (C) 2018  Intel Corporation. All rights reserved.
Your use of Intel Corporation's design tools, logic functions 
and other software and tools, and its AMPP partner logic 
functions, and any output files from any of the foregoing 
(including device programming or simulation files), and any 
associated documentation or information are expressly subject 
to the terms and conditions of the Intel Program License 
Subscription Agreement, the Intel Quartus Prime License Agreement,
the Intel FPGA IP License Agreement, or other applicable license
agreement, including, without limitation, that your use is for
the sole purpose of programming logic devices manufactured by
Intel and sold by Intel or its authorized distributors.  Please
refer to the applicable agreement for further details.



+-------------------------------------------------------------------------------+
; Analysis & Synthesis Summary                                                  ;
+---------------------------------+---------------------------------------------+
; Analysis & Synthesis Status     ; Successful - Tue Dec 16 14:23:43 2025       ;
; Quartus Prime Version           ; 18.1.0 Build 625 09/12/2018 SJ Lite Edition ;
; Revision Name                   ; morse                                       ;
; Top-level Entity Name           ; morse_top                                   ;
; Family                          ; Cyclone V                                   ;
; Logic utilization (in ALMs)     ; N/A                                         ;
; Total registers                 ; 133                                         ;
; Total pins                      ; 18                                          ;
; Total virtual pins              ; 0                                           ;
; Total block memory bits         ; 0                                           ;
; Total DSP Blocks                ; 0                                           ;
; Total HSSI RX PCSs              ; 0                                           ;
; Total HSSI PMA RX Deserializers ; 0                                           ;
; Total HSSI TX PCSs              ; 0                                           ;
; Total HSSI PMA TX Serializers   ; 0                                           ;
; Total PLLs                      ; 0                                           ;
; Total DLLs                      ; 0                                           ;
+---------------------------------+---------------------------------------------+


+---------------------------------------------------------------------------------------------------------------------------+
; Analysis & Synthesis Settings                                                                                             ;
+---------------------------------------------------------------------------------+--------------------+--------------------+
; Option                                                                          ; Setting            ; Default Value      ;
+---------------------------------------------------------------------------------+--------------------+--------------------+
; Device                                                                          ; 5CSEMA5F31C6       ;                    ;
; Top-level entity name                                                           ; morse_top          ; morse              ;
; Family name                                                                     ; Cyclone V          ; Cyclone V          ;
; Use smart compilation                                                           ; Off                ; Off                ;
; Enable parallel Assembler and Timing Analyzer during compilation                ; On                 ; On                 ;
; Enable compact report table                                                     ; Off                ; Off                ;
; Restructure Multiplexers                                                        ; Auto               ; Auto               ;
; MLAB Add Timing Constraints For Mixed-Port Feed-Through Mode Setting Don't Care ; Off                ; Off                ;
; Create Debugging Nodes for IP Cores                                             ; Off                ; Off                ;
; Preserve fewer node names                                                       ; On                 ; On                 ;
; Intel FPGA IP Evaluation Mode                                                   ; Enable             ; Enable             ;
; Verilog Version                                                                 ; Verilog_2001       ; Verilog_2001       ;
; VHDL Version                                                                    ; VHDL_1993          ; VHDL_1993          ;
; State Machine Processing                                                        ; Auto               ; Auto               ;
; Safe State Machine                                                              ; Off                ; Off                ;
; Extract Verilog State Machines                                                  ; On                 ; On                 ;
; Extract VHDL State Machines                                                     ; On                 ; On                 ;
; Ignore Verilog initial constructs                                               ; Off                ; Off                ;
; Iteration limit for constant Verilog loops                                      ; 5000               ; 5000               ;
; Iteration limit for non-constant Verilog loops                                  ; 250                ; 250                ;
; Add Pass-Through Logic to Inferred RAMs                                         ; On                 ; On                 ;
; Infer RAMs from Raw Logic                                                       ; On                 ; On                 ;
; Parallel Synthesis                                                              ; On                 ; On                 ;
; DSP Block Balancing                                                             ; Auto               ; Auto               ;
; NOT Gate Push-Back                                                              ; On                 ; On                 ;
; Power-Up Don't Care                                                             ; On                 ; On                 ;
; Remove Redundant Logic Cells                                                    ; Off                ; Off                ;
; Remove Duplicate Registers                                                      ; On                 ; On                 ;
; Ignore CARRY Buffers                                                            ; Off                ; Off                ;
; Ignore CASCADE Buffers                                                          ; Off                ; Off                ;
; Ignore GLOBAL Buffers                                                           ; Off                ; Off                ;
; Ignore ROW GLOBAL Buffers                                                       ; Off                ; Off                ;
; Ignore LCELL Buffers                                                            ; Off                ; Off                ;
; Ignore SOFT Buffers                                                             ; On                 ; On                 ;
; Limit AHDL Integers to 32 Bits                                                  ; Off                ; Off                ;
; Optimization Technique                                                          ; Balanced           ; Balanced           ;
; Carry Chain Length                                                              ; 70                 ; 70                 ;
; Auto Carry Chains                                                               ; On                 ; On                 ;
; Auto Open-Drain Pins                                                            ; On                 ; On                 ;
; Perform WYSIWYG Primitive Resynthesis                                           ; Off                ; Off                ;
; Auto ROM Replacement                                                            ; On                 ; On                 ;
; Auto RAM Replacement                                                            ; On                 ; On                 ;
; Auto DSP Block Replacement                                                      ; On                 ; On                 ;
; Auto Shift Register Replacement                                                 ; Auto               ; Auto               ;
; Allow Shift Register Merging across Hierarchies                                 ; Auto               ; Auto               ;
; Auto Clock Enable Replacement                                                   ; On                 ; On                 ;
; Strict RAM Replacement                                                          ; Off                ; Off                ;
; Allow Synchronous Control Signals                                               ; On                 ; On                 ;
; Force Use of Synchronous Clear Signals                                          ; Off                ; Off                ;
; Auto Resource Sharing                                                           ; Off                ; Off                ;
; Allow Any RAM Size For Recognition                                              ; Off                ; Off                ;
; Allow Any ROM Size For Recognition                                              ; Off                ; Off                ;
; Allow Any Shift Register Size For Recognition                                   ; Off                ; Off                ;
; Use LogicLock Constraints during Resource Balancing                             ; On                 ; On                 ;
; Ignore translate_off and synthesis_off directives                               ; Off                ; Off                ;
; Timing-Driven Synthesis                                                         ; On                 ; On                 ;
; Report Parameter Settings                                                       ; On                 ; On                 ;
; Report Source Assignments                                                       ; On                 ; On                 ;
; Report Connectivity Checks                                                      ; On                 ; On                 ;
; Ignore Maximum Fan-Out Assignments                                              ; Off                ; Off                ;
; Synchronization Register Chain Length                                           ; 3                  ; 3                  ;
; Power Optimization During Synthesis                                             ; Normal compilation ; Normal compilation ;
; HDL message level                                                               ; Level2             ; Level2             ;
; Suppress Register Optimization Related Messages                                 ; Off                ; Off                ;
; Number of Removed Registers Reported in Synthesis Report                        ; 5000               ; 5000               ;
; Number of Swept Nodes Reported in Synthesis Report                              ; 5000               ; 5000               ;
; Number of Inverted Registers Reported in Synthesis Report                       ; 100                ; 100                ;
; Clock MUX Protection                                                            ; On                 ; On                 ;
; Auto Gated Clock Conversion                                                     ; Off                ; Off                ;
; Block Design Naming                                                             ; Auto               ; Auto               ;
; SDC constraint protection                                                       ; Off                ; Off                ;
; Synthesis Effort                                                                ; Auto               ; Auto               ;
; Shift Register Replacement - Allow Asynchronous Clear Signal                    ; On                 ; On                 ;
; Pre-Mapping Resynthesis Optimization                                            ; Off                ; Off                ;
; Analysis & Synthesis Message Level                                              ; Medium             ; Medium             ;
; Disable Register Merging Across Hierarchies                                     ; Auto               ; Auto               ;
; Resource Aware Inference For Block RAM                                          ; On                 ; On                 ;
; Automatic Parallel Synthesis                                                    ; On                 ; On                 ;
; Partial Reconfiguration Bitstream ID                                            ; Off                ; Off                ;
+---------------------------------------------------------------------------------+--------------------+--------------------+


+------------------------------------------+
; Parallel Compilation                     ;
+----------------------------+-------------+
; Processors                 ; Number      ;
+----------------------------+-------------+
; Number detected on machine ; 12          ;
; Maximum allowed            ; 6           ;
;                            ;             ;
; Average used               ; 1.00        ;
; Maximum used               ; 6           ;
;                            ;             ;
; Usage by Processor         ; % Time Used ;
;     Processor 1            ; 100.0%      ;
;     Processors 2-6         ;   0.0%      ;
+----------------------------+-------------+


+----------------------------------------------------------------------------------------------------------------------------------------------+
; Analysis & Synthesis Source Files Read                                                                                                       ;
+----------------------------------+-----------------+------------------------+------------------------------------------------------+---------+
; File Name with User-Entered Path ; Used in Netlist ; File Type              ; File Name with Absolute Path                         ; Library ;
+----------------------------------+-----------------+------------------------+------------------------------------------------------+---------+
; morse_top.v                      ; yes             ; User Verilog HDL File  ; D:/Repos/altera_morse_decoder/src/morse_top.v        ;         ;
; morse_input.v                    ; yes             ; User Verilog HDL File  ; D:/Repos/altera_morse_decoder/src/morse_input.v      ;         ;
; morse_to_hex.v                   ; yes             ; User Verilog HDL File  ; D:/Repos/altera_morse_decoder/src/morse_to_hex.v     ;         ;
; seven_seg_driver.v               ; yes             ; User Verilog HDL File  ; D:/Repos/altera_morse_decoder/src/seven_seg_driver.v ;         ;
+----------------------------------+-----------------+------------------------+------------------------------------------------------+---------+


+---------------------------------------------------------+
; Analysis & Synthesis Resource Usage Summary             ;
+---------------------------------------------+-----------+
; Resource                                    ; Usage     ;
+---------------------------------------------+-----------+
; Estimate of Logic utilization (ALMs needed) ; 109       ;
;                                             ;           ;
; Combinational ALUT usage for logic          ; 194       ;
;     -- 7 input functions                    ; 0         ;
;     -- 6 input functions                    ; 24        ;
;     -- 5 input functions                    ; 25        ;
;     -- 4 input functions                    ; 29        ;
;     -- <=3 input functions                  ; 116       ;
;                                             ;           ;
; Dedicated logic registers                   ; 133       ;
;                                             ;           ;
; I/O pins                                    ; 18        ;
;                                             ;           ;
; Total DSP Blocks                            ; 0         ;
;                                             ;           ;
; Maximum fan-out node                        ; clk~input ;
; Maximum fan-out                             ; 133       ;
; Total fan-out                               ; 1062      ;
; Average fan-out                             ; 2.93      ;
+---------------------------------------------+-----------+


+------------------------------------------------------------------------------------------------------------------------------------------------------------------------------------------------------------------+
; Analysis & Synthesis Resource Utilization by Entity                                                                                                                                                              ;
+--------------------------------+---------------------+---------------------------+-------------------+------------+------+--------------+--------------------------------------+------------------+--------------+
; Compilation Hierarchy Node     ; Combinational ALUTs ; Dedicated Logic Registers ; Block Memory Bits ; DSP Blocks ; Pins ; Virtual Pins ; Full Hierarchy Name                  ; Entity Name      ; Library Name ;
+--------------------------------+---------------------+---------------------------+-------------------+------------+------+--------------+--------------------------------------+------------------+--------------+
; |morse_top                     ; 194 (0)             ; 133 (0)                   ; 0                 ; 0          ; 18   ; 0            ; |morse_top                           ; morse_top        ; work         ;
;    |morse_input:u_input|       ; 180 (180)           ; 126 (126)                 ; 0                 ; 0          ; 0    ; 0            ; |morse_top|morse_input:u_input       ; morse_input      ; work         ;
;    |morse_to_hex:u_hex|        ; 8 (8)               ; 0 (0)                     ; 0                 ; 0          ; 0    ; 0            ; |morse_top|morse_to_hex:u_hex        ; morse_to_hex     ; work         ;
;    |seven_seg_driver:u_driver| ; 6 (6)               ; 7 (7)                     ; 0                 ; 0          ; 0    ; 0            ; |morse_top|seven_seg_driver:u_driver ; seven_seg_driver ; work         ;
+--------------------------------+---------------------+---------------------------+-------------------+------------+------+--------------+--------------------------------------+------------------+--------------+
Note: For table entries with two numbers listed, the numbers in parentheses indicate the number of resources of the given type used by the specific entity alone. The numbers listed outside of parentheses indicate the total resources of the given type used by the specific entity and all of its sub-entities in the hierarchy.


+----------------------------------------------------------------------------------+
; Registers Removed During Synthesis                                               ;
+-----------------------------------------+----------------------------------------+
; Register name                           ; Reason for Removal                     ;
+-----------------------------------------+----------------------------------------+
; morse_input:u_input|leds[3..7]          ; Stuck at GND due to stuck port data_in ;
; morse_input:u_input|morse_memory~0      ; Stuck at GND due to stuck port clock   ;
; morse_input:u_input|morse_memory~1      ; Stuck at GND due to stuck port clock   ;
; morse_input:u_input|morse_memory~2      ; Stuck at GND due to stuck port clock   ;
; morse_input:u_input|morse_memory~3      ; Stuck at GND due to stuck port clock   ;
; morse_input:u_input|morse_memory~4      ; Stuck at GND due to stuck port clock   ;
; morse_input:u_input|morse_memory~5      ; Stuck at GND due to stuck port clock   ;
; morse_input:u_input|morse_memory~6      ; Stuck at GND due to stuck port clock   ;
; morse_input:u_input|morse_memory~7      ; Stuck at GND due to stuck port clock   ;
; morse_input:u_input|morse_memory~8      ; Stuck at GND due to stuck port clock   ;
; morse_input:u_input|morse_memory~9      ; Stuck at GND due to stuck port clock   ;
; morse_input:u_input|morse_memory~10     ; Stuck at GND due to stuck port clock   ;
; morse_input:u_input|morse_memory~11     ; Stuck at GND due to stuck port clock   ;
; morse_input:u_input|morse_memory~12     ; Stuck at GND due to stuck port clock   ;
; morse_input:u_input|morse_memory~13     ; Stuck at GND due to stuck port clock   ;
; morse_input:u_input|morse_memory~14     ; Stuck at GND due to stuck port clock   ;
; morse_input:u_input|morse_memory~15     ; Stuck at GND due to stuck port clock   ;
; morse_input:u_input|morse_memory~16     ; Stuck at GND due to stuck port clock   ;
; morse_input:u_input|morse_memory~17     ; Stuck at GND due to stuck port clock   ;
; morse_input:u_input|morse_memory~18     ; Stuck at GND due to stuck port clock   ;
; morse_input:u_input|morse_memory~19     ; Stuck at GND due to stuck port clock   ;
; morse_input:u_input|morse_memory~20     ; Stuck at GND due to stuck port clock   ;
; morse_input:u_input|morse_memory~21     ; Stuck at GND due to stuck port clock   ;
; morse_input:u_input|morse_memory~22     ; Stuck at GND due to stuck port clock   ;
; morse_input:u_input|morse_memory~23     ; Stuck at GND due to stuck port clock   ;
; morse_input:u_input|morse_memory~24     ; Stuck at GND due to stuck port clock   ;
; morse_input:u_input|morse_memory~25     ; Stuck at GND due to stuck port clock   ;
; morse_input:u_input|morse_memory~26     ; Stuck at GND due to stuck port clock   ;
; morse_input:u_input|morse_memory~27     ; Stuck at GND due to stuck port clock   ;
; morse_input:u_input|morse_memory~28     ; Stuck at GND due to stuck port clock   ;
; morse_input:u_input|morse_memory~29     ; Stuck at GND due to stuck port clock   ;
; morse_input:u_input|morse_memory~30     ; Stuck at GND due to stuck port clock   ;
; morse_input:u_input|morse_memory~31     ; Stuck at GND due to stuck port clock   ;
; morse_input:u_input|morse_memory~32     ; Stuck at GND due to stuck port clock   ;
; morse_input:u_input|morse_memory~33     ; Stuck at GND due to stuck port clock   ;
; morse_input:u_input|morse_memory~34     ; Stuck at GND due to stuck port clock   ;
; morse_input:u_input|morse_memory~35     ; Stuck at GND due to stuck port clock   ;
; morse_input:u_input|morse_memory~36     ; Stuck at GND due to stuck port clock   ;
; morse_input:u_input|morse_memory~37     ; Stuck at GND due to stuck port clock   ;
; morse_input:u_input|morse_memory~38     ; Stuck at GND due to stuck port clock   ;
; morse_input:u_input|morse_memory~39     ; Stuck at GND due to stuck port clock   ;
; morse_input:u_input|morse_memory~40     ; Stuck at GND due to stuck port clock   ;
; morse_input:u_input|morse_memory~41     ; Stuck at GND due to stuck port clock   ;
; morse_input:u_input|morse_memory~42     ; Stuck at GND due to stuck port clock   ;
; morse_input:u_input|morse_memory~43     ; Stuck at GND due to stuck port clock   ;
; morse_input:u_input|morse_memory~44     ; Stuck at GND due to stuck port clock   ;
; morse_input:u_input|morse_memory~45     ; Stuck at GND due to stuck port clock   ;
; morse_input:u_input|morse_memory~46     ; Stuck at GND due to stuck port clock   ;
; morse_input:u_input|morse_memory~47     ; Stuck at GND due to stuck port clock   ;
; morse_input:u_input|morse_memory~48     ; Stuck at GND due to stuck port clock   ;
; morse_input:u_input|morse_memory~49     ; Stuck at GND due to stuck port clock   ;
; morse_input:u_input|morse_memory~50     ; Stuck at GND due to stuck port clock   ;
; morse_input:u_input|morse_memory~51     ; Stuck at GND due to stuck port clock   ;
; morse_input:u_input|morse_memory~52     ; Stuck at GND due to stuck port clock   ;
; morse_input:u_input|morse_memory~53     ; Stuck at GND due to stuck port clock   ;
; morse_input:u_input|morse_memory~54     ; Stuck at GND due to stuck port clock   ;
; morse_input:u_input|morse_memory~55     ; Stuck at GND due to stuck port clock   ;
; morse_input:u_input|morse_memory~56     ; Stuck at GND due to stuck port clock   ;
; morse_input:u_input|morse_memory~57     ; Stuck at GND due to stuck port clock   ;
; morse_input:u_input|morse_memory~58     ; Stuck at GND due to stuck port clock   ;
; morse_input:u_input|morse_memory~59     ; Stuck at GND due to stuck port clock   ;
; morse_input:u_input|morse_memory~60     ; Stuck at GND due to stuck port clock   ;
; morse_input:u_input|morse_memory~61     ; Stuck at GND due to stuck port clock   ;
; morse_input:u_input|morse_memory~62     ; Stuck at GND due to stuck port clock   ;
; morse_input:u_input|morse_memory~63     ; Stuck at GND due to stuck port clock   ;
; morse_input:u_input|morse_memory~64     ; Stuck at GND due to stuck port clock   ;
; morse_input:u_input|morse_memory~65     ; Stuck at GND due to stuck port clock   ;
; morse_input:u_input|morse_memory~66     ; Stuck at GND due to stuck port clock   ;
; morse_input:u_input|morse_memory~67     ; Stuck at GND due to stuck port clock   ;
; morse_input:u_input|morse_memory~68     ; Stuck at GND due to stuck port clock   ;
; morse_input:u_input|morse_memory~69     ; Stuck at GND due to stuck port clock   ;
; morse_input:u_input|morse_memory~70     ; Stuck at GND due to stuck port clock   ;
; morse_input:u_input|morse_memory~71     ; Stuck at GND due to stuck port clock   ;
; morse_input:u_input|morse_memory~72     ; Stuck at GND due to stuck port clock   ;
; morse_input:u_input|morse_memory~73     ; Stuck at GND due to stuck port clock   ;
; morse_input:u_input|morse_memory~74     ; Stuck at GND due to stuck port clock   ;
; morse_input:u_input|morse_memory~75     ; Stuck at GND due to stuck port clock   ;
; morse_input:u_input|morse_memory~76     ; Stuck at GND due to stuck port clock   ;
; morse_input:u_input|morse_memory~77     ; Stuck at GND due to stuck port clock   ;
; morse_input:u_input|morse_memory~78     ; Stuck at GND due to stuck port clock   ;
; morse_input:u_input|morse_memory~79     ; Stuck at GND due to stuck port clock   ;
; morse_input:u_input|morse_memory~80     ; Stuck at GND due to stuck port clock   ;
; morse_input:u_input|morse_memory~81     ; Stuck at GND due to stuck port clock   ;
; morse_input:u_input|morse_memory~82     ; Stuck at GND due to stuck port clock   ;
; morse_input:u_input|morse_memory~83     ; Stuck at GND due to stuck port clock   ;
; morse_input:u_input|morse_memory~84     ; Stuck at GND due to stuck port clock   ;
; morse_input:u_input|morse_memory~85     ; Stuck at GND due to stuck port clock   ;
; morse_input:u_input|morse_memory~86     ; Stuck at GND due to stuck port clock   ;
; morse_input:u_input|morse_memory~87     ; Stuck at GND due to stuck port clock   ;
; morse_input:u_input|morse_memory~88     ; Stuck at GND due to stuck port clock   ;
; morse_input:u_input|morse_memory~89     ; Stuck at GND due to stuck port clock   ;
; morse_input:u_input|morse_memory~90     ; Stuck at GND due to stuck port clock   ;
; morse_input:u_input|morse_memory~91     ; Stuck at GND due to stuck port clock   ;
; morse_input:u_input|morse_memory~92     ; Stuck at GND due to stuck port clock   ;
; morse_input:u_input|morse_memory~93     ; Stuck at GND due to stuck port clock   ;
; morse_input:u_input|morse_memory~94     ; Stuck at GND due to stuck port clock   ;
; morse_input:u_input|morse_memory~95     ; Stuck at GND due to stuck port clock   ;
; morse_input:u_input|morse_memory~96     ; Stuck at GND due to stuck port clock   ;
; morse_input:u_input|morse_memory~97     ; Stuck at GND due to stuck port clock   ;
; morse_input:u_input|morse_memory~98     ; Stuck at GND due to stuck port clock   ;
; morse_input:u_input|morse_memory~99     ; Stuck at GND due to stuck port clock   ;
; morse_input:u_input|morse_memory~100    ; Stuck at GND due to stuck port clock   ;
; morse_input:u_input|morse_memory~101    ; Stuck at GND due to stuck port clock   ;
; morse_input:u_input|morse_memory~102    ; Stuck at GND due to stuck port clock   ;
; morse_input:u_input|morse_memory~103    ; Stuck at GND due to stuck port clock   ;
; morse_input:u_input|morse_memory~104    ; Stuck at GND due to stuck port clock   ;
; morse_input:u_input|morse_memory~105    ; Stuck at GND due to stuck port clock   ;
; morse_input:u_input|morse_memory~106    ; Stuck at GND due to stuck port clock   ;
; morse_input:u_input|morse_memory~107    ; Stuck at GND due to stuck port clock   ;
; morse_input:u_input|morse_memory~108    ; Stuck at GND due to stuck port clock   ;
; morse_input:u_input|morse_memory~109    ; Stuck at GND due to stuck port clock   ;
; morse_input:u_input|morse_memory~110    ; Stuck at GND due to stuck port clock   ;
; morse_input:u_input|morse_memory~111    ; Stuck at GND due to stuck port clock   ;
; morse_input:u_input|morse_memory~112    ; Stuck at GND due to stuck port clock   ;
; morse_input:u_input|morse_memory~113    ; Stuck at GND due to stuck port clock   ;
; morse_input:u_input|morse_memory~114    ; Stuck at GND due to stuck port clock   ;
; morse_input:u_input|morse_memory~115    ; Stuck at GND due to stuck port clock   ;
; morse_input:u_input|morse_memory~116    ; Stuck at GND due to stuck port clock   ;
; morse_input:u_input|morse_memory~117    ; Stuck at GND due to stuck port clock   ;
; morse_input:u_input|morse_memory~118    ; Stuck at GND due to stuck port clock   ;
; morse_input:u_input|morse_memory~119    ; Stuck at GND due to stuck port clock   ;
; morse_input:u_input|morse_memory~120    ; Stuck at GND due to stuck port clock   ;
; morse_input:u_input|morse_memory~121    ; Stuck at GND due to stuck port clock   ;
; morse_input:u_input|morse_memory~122    ; Stuck at GND due to stuck port clock   ;
; morse_input:u_input|morse_memory~123    ; Stuck at GND due to stuck port clock   ;
; morse_input:u_input|morse_memory~124    ; Stuck at GND due to stuck port clock   ;
; morse_input:u_input|morse_memory~125    ; Stuck at GND due to stuck port clock   ;
; morse_input:u_input|morse_memory~126    ; Stuck at GND due to stuck port clock   ;
; morse_input:u_input|morse_memory~127    ; Stuck at GND due to stuck port clock   ;
; morse_input:u_input|morse_memory~128    ; Stuck at GND due to stuck port clock   ;
; morse_input:u_input|morse_memory~129    ; Stuck at GND due to stuck port clock   ;
; morse_input:u_input|morse_memory~130    ; Stuck at GND due to stuck port clock   ;
; morse_input:u_input|morse_memory~131    ; Stuck at GND due to stuck port clock   ;
; morse_input:u_input|morse_memory~132    ; Stuck at GND due to stuck port clock   ;
; morse_input:u_input|morse_memory~133    ; Stuck at GND due to stuck port clock   ;
; morse_input:u_input|morse_memory~134    ; Stuck at GND due to stuck port clock   ;
; morse_input:u_input|morse_memory~135    ; Stuck at GND due to stuck port clock   ;
; morse_input:u_input|morse_memory~136    ; Stuck at GND due to stuck port clock   ;
; morse_input:u_input|morse_memory~137    ; Stuck at GND due to stuck port clock   ;
; morse_input:u_input|morse_memory~138    ; Stuck at GND due to stuck port clock   ;
; morse_input:u_input|morse_memory~139    ; Stuck at GND due to stuck port clock   ;
; morse_input:u_input|morse_memory~140    ; Stuck at GND due to stuck port clock   ;
; morse_input:u_input|morse_memory~141    ; Stuck at GND due to stuck port clock   ;
; morse_input:u_input|morse_memory~142    ; Stuck at GND due to stuck port clock   ;
; morse_input:u_input|morse_memory~143    ; Stuck at GND due to stuck port clock   ;
; morse_input:u_input|morse_memory~144    ; Stuck at GND due to stuck port clock   ;
; morse_input:u_input|morse_memory~145    ; Stuck at GND due to stuck port clock   ;
; morse_input:u_input|morse_memory~146    ; Stuck at GND due to stuck port clock   ;
; morse_input:u_input|morse_memory~147    ; Stuck at GND due to stuck port clock   ;
; morse_input:u_input|morse_memory~148    ; Stuck at GND due to stuck port clock   ;
; morse_input:u_input|morse_memory~149    ; Stuck at GND due to stuck port clock   ;
; morse_input:u_input|morse_memory~150    ; Stuck at GND due to stuck port clock   ;
; morse_input:u_input|morse_memory~151    ; Stuck at GND due to stuck port clock   ;
; morse_input:u_input|morse_memory~152    ; Stuck at GND due to stuck port clock   ;
; morse_input:u_input|morse_memory~153    ; Stuck at GND due to stuck port clock   ;
; morse_input:u_input|morse_memory~154    ; Stuck at GND due to stuck port clock   ;
; morse_input:u_input|morse_memory~155    ; Stuck at GND due to stuck port clock   ;
; morse_input:u_input|morse_memory~156    ; Stuck at GND due to stuck port clock   ;
; morse_input:u_input|morse_memory~157    ; Stuck at GND due to stuck port clock   ;
; morse_input:u_input|morse_memory~158    ; Stuck at GND due to stuck port clock   ;
; morse_input:u_input|morse_memory~159    ; Stuck at GND due to stuck port clock   ;
; morse_input:u_input|morse_memory~160    ; Stuck at GND due to stuck port clock   ;
; morse_input:u_input|morse_memory~161    ; Stuck at GND due to stuck port clock   ;
; morse_input:u_input|morse_memory~162    ; Stuck at GND due to stuck port clock   ;
; morse_input:u_input|morse_memory~163    ; Stuck at GND due to stuck port clock   ;
; morse_input:u_input|morse_memory~164    ; Stuck at GND due to stuck port clock   ;
; morse_input:u_input|morse_memory~165    ; Stuck at GND due to stuck port clock   ;
; morse_input:u_input|morse_memory~166    ; Stuck at GND due to stuck port clock   ;
; morse_input:u_input|morse_memory~167    ; Stuck at GND due to stuck port clock   ;
; morse_input:u_input|morse_memory~168    ; Stuck at GND due to stuck port clock   ;
; morse_input:u_input|morse_memory~169    ; Stuck at GND due to stuck port clock   ;
; morse_input:u_input|morse_memory~170    ; Stuck at GND due to stuck port clock   ;
; morse_input:u_input|morse_memory~171    ; Stuck at GND due to stuck port clock   ;
; morse_input:u_input|morse_memory~172    ; Stuck at GND due to stuck port clock   ;
; morse_input:u_input|morse_memory~173    ; Stuck at GND due to stuck port clock   ;
; morse_input:u_input|morse_memory~174    ; Stuck at GND due to stuck port clock   ;
; morse_input:u_input|morse_memory~175    ; Stuck at GND due to stuck port clock   ;
; morse_input:u_input|morse_memory~176    ; Stuck at GND due to stuck port clock   ;
; morse_input:u_input|morse_memory~177    ; Stuck at GND due to stuck port clock   ;
; morse_input:u_input|morse_memory~178    ; Stuck at GND due to stuck port clock   ;
; morse_input:u_input|morse_memory~179    ; Stuck at GND due to stuck port clock   ;
; morse_input:u_input|morse_memory~180    ; Stuck at GND due to stuck port clock   ;
; morse_input:u_input|morse_memory~181    ; Stuck at GND due to stuck port clock   ;
; morse_input:u_input|morse_memory~182    ; Stuck at GND due to stuck port clock   ;
; morse_input:u_input|morse_memory~183    ; Stuck at GND due to stuck port clock   ;
; morse_input:u_input|morse_memory~184    ; Stuck at GND due to stuck port clock   ;
; morse_input:u_input|morse_memory~185    ; Stuck at GND due to stuck port clock   ;
; morse_input:u_input|morse_memory~186    ; Stuck at GND due to stuck port clock   ;
; morse_input:u_input|morse_memory~187    ; Stuck at GND due to stuck port clock   ;
; morse_input:u_input|morse_memory~188    ; Stuck at GND due to stuck port clock   ;
; morse_input:u_input|morse_memory~189    ; Stuck at GND due to stuck port clock   ;
; morse_input:u_input|morse_memory~190    ; Stuck at GND due to stuck port clock   ;
; morse_input:u_input|morse_memory~191    ; Stuck at GND due to stuck port clock   ;
; morse_input:u_input|morse_memory~192    ; Stuck at GND due to stuck port clock   ;
; morse_input:u_input|morse_memory~193    ; Stuck at GND due to stuck port clock   ;
; morse_input:u_input|morse_memory~194    ; Stuck at GND due to stuck port clock   ;
; morse_input:u_input|morse_memory~195    ; Stuck at GND due to stuck port clock   ;
; morse_input:u_input|morse_memory~196    ; Stuck at GND due to stuck port clock   ;
; morse_input:u_input|morse_memory~197    ; Stuck at GND due to stuck port clock   ;
; morse_input:u_input|morse_memory~198    ; Stuck at GND due to stuck port clock   ;
; morse_input:u_input|morse_memory~199    ; Stuck at GND due to stuck port clock   ;
; morse_input:u_input|morse_memory~200    ; Stuck at GND due to stuck port clock   ;
; morse_input:u_input|morse_memory~201    ; Stuck at GND due to stuck port clock   ;
; morse_input:u_input|morse_memory~202    ; Stuck at GND due to stuck port clock   ;
; morse_input:u_input|morse_memory~203    ; Stuck at GND due to stuck port clock   ;
; morse_input:u_input|morse_memory~204    ; Stuck at GND due to stuck port clock   ;
; morse_input:u_input|morse_memory~205    ; Stuck at GND due to stuck port clock   ;
; morse_input:u_input|morse_memory~206    ; Stuck at GND due to stuck port clock   ;
; morse_input:u_input|morse_memory~207    ; Stuck at GND due to stuck port clock   ;
; morse_input:u_input|morse_memory~208    ; Stuck at GND due to stuck port clock   ;
; morse_input:u_input|morse_memory~209    ; Stuck at GND due to stuck port clock   ;
; morse_input:u_input|morse_memory~210    ; Stuck at GND due to stuck port clock   ;
; morse_input:u_input|morse_memory~211    ; Stuck at GND due to stuck port clock   ;
; morse_input:u_input|morse_memory~212    ; Stuck at GND due to stuck port clock   ;
; morse_input:u_input|morse_memory~213    ; Stuck at GND due to stuck port clock   ;
; morse_input:u_input|morse_memory~214    ; Stuck at GND due to stuck port clock   ;
; morse_input:u_input|morse_memory~215    ; Stuck at GND due to stuck port clock   ;
; morse_input:u_input|morse_memory~216    ; Stuck at GND due to stuck port clock   ;
; morse_input:u_input|morse_memory~217    ; Stuck at GND due to stuck port clock   ;
; morse_input:u_input|morse_memory~218    ; Stuck at GND due to stuck port clock   ;
; morse_input:u_input|morse_memory~219    ; Stuck at GND due to stuck port clock   ;
; morse_input:u_input|morse_memory~220    ; Stuck at GND due to stuck port clock   ;
; morse_input:u_input|morse_memory~221    ; Stuck at GND due to stuck port clock   ;
; morse_input:u_input|morse_memory~222    ; Stuck at GND due to stuck port clock   ;
; morse_input:u_input|morse_memory~223    ; Stuck at GND due to stuck port clock   ;
; morse_input:u_input|morse_memory~224    ; Stuck at GND due to stuck port clock   ;
; morse_input:u_input|morse_memory~225    ; Stuck at GND due to stuck port clock   ;
; morse_input:u_input|morse_memory~226    ; Stuck at GND due to stuck port clock   ;
; morse_input:u_input|morse_memory~227    ; Stuck at GND due to stuck port clock   ;
; morse_input:u_input|morse_memory~228    ; Stuck at GND due to stuck port clock   ;
; morse_input:u_input|morse_memory~229    ; Stuck at GND due to stuck port clock   ;
; morse_input:u_input|morse_memory~230    ; Stuck at GND due to stuck port clock   ;
; morse_input:u_input|morse_memory~231    ; Stuck at GND due to stuck port clock   ;
; morse_input:u_input|morse_memory~232    ; Stuck at GND due to stuck port clock   ;
; morse_input:u_input|morse_memory~233    ; Stuck at GND due to stuck port clock   ;
; morse_input:u_input|morse_memory~234    ; Stuck at GND due to stuck port clock   ;
; morse_input:u_input|morse_memory~235    ; Stuck at GND due to stuck port clock   ;
; morse_input:u_input|morse_memory~236    ; Stuck at GND due to stuck port clock   ;
; morse_input:u_input|morse_memory~237    ; Stuck at GND due to stuck port clock   ;
; morse_input:u_input|morse_memory~238    ; Stuck at GND due to stuck port clock   ;
; morse_input:u_input|morse_memory~239    ; Stuck at GND due to stuck port clock   ;
; morse_input:u_input|morse_memory~240    ; Stuck at GND due to stuck port clock   ;
; morse_input:u_input|morse_memory~241    ; Stuck at GND due to stuck port clock   ;
; morse_input:u_input|morse_memory~242    ; Stuck at GND due to stuck port clock   ;
; morse_input:u_input|morse_memory~243    ; Stuck at GND due to stuck port clock   ;
; morse_input:u_input|morse_memory~244    ; Stuck at GND due to stuck port clock   ;
; morse_input:u_input|morse_memory~245    ; Stuck at GND due to stuck port clock   ;
; morse_input:u_input|morse_memory~246    ; Stuck at GND due to stuck port clock   ;
; morse_input:u_input|morse_memory~247    ; Stuck at GND due to stuck port clock   ;
; morse_input:u_input|morse_memory~248    ; Stuck at GND due to stuck port clock   ;
; morse_input:u_input|morse_memory~249    ; Stuck at GND due to stuck port clock   ;
; morse_input:u_input|morse_memory~250    ; Stuck at GND due to stuck port clock   ;
; morse_input:u_input|morse_memory~251    ; Stuck at GND due to stuck port clock   ;
; morse_input:u_input|morse_memory~252    ; Stuck at GND due to stuck port clock   ;
; morse_input:u_input|morse_memory~253    ; Stuck at GND due to stuck port clock   ;
; morse_input:u_input|morse_memory~254    ; Stuck at GND due to stuck port clock   ;
; morse_input:u_input|morse_memory~255    ; Stuck at GND due to stuck port clock   ;
; morse_input:u_input|morse_memory~256    ; Stuck at GND due to stuck port clock   ;
; morse_input:u_input|morse_memory~257    ; Stuck at GND due to stuck port clock   ;
; morse_input:u_input|morse_memory~258    ; Stuck at GND due to stuck port clock   ;
; morse_input:u_input|morse_memory~259    ; Stuck at GND due to stuck port clock   ;
; morse_input:u_input|morse_memory~260    ; Stuck at GND due to stuck port clock   ;
; morse_input:u_input|morse_memory~261    ; Stuck at GND due to stuck port clock   ;
; morse_input:u_input|morse_memory~262    ; Stuck at GND due to stuck port clock   ;
; morse_input:u_input|morse_memory~263    ; Stuck at GND due to stuck port clock   ;
; morse_input:u_input|morse_memory~264    ; Stuck at GND due to stuck port clock   ;
; morse_input:u_input|morse_memory~265    ; Stuck at GND due to stuck port clock   ;
; morse_input:u_input|morse_memory~266    ; Stuck at GND due to stuck port clock   ;
; morse_input:u_input|morse_memory~267    ; Stuck at GND due to stuck port clock   ;
; morse_input:u_input|morse_memory~268    ; Stuck at GND due to stuck port clock   ;
; morse_input:u_input|morse_memory~269    ; Stuck at GND due to stuck port clock   ;
; morse_input:u_input|morse_memory~270    ; Stuck at GND due to stuck port clock   ;
; morse_input:u_input|morse_memory~271    ; Stuck at GND due to stuck port clock   ;
; morse_input:u_input|morse_memory~272    ; Stuck at GND due to stuck port clock   ;
; morse_input:u_input|morse_memory~273    ; Stuck at GND due to stuck port clock   ;
; morse_input:u_input|morse_memory~274    ; Stuck at GND due to stuck port clock   ;
; morse_input:u_input|morse_memory~275    ; Stuck at GND due to stuck port clock   ;
; morse_input:u_input|morse_memory~276    ; Stuck at GND due to stuck port clock   ;
; morse_input:u_input|morse_memory~277    ; Stuck at GND due to stuck port clock   ;
; morse_input:u_input|morse_memory~278    ; Stuck at GND due to stuck port clock   ;
; morse_input:u_input|morse_memory~279    ; Stuck at GND due to stuck port clock   ;
; morse_input:u_input|morse_memory~280    ; Stuck at GND due to stuck port clock   ;
; morse_input:u_input|morse_memory~281    ; Stuck at GND due to stuck port clock   ;
; morse_input:u_input|morse_memory~282    ; Stuck at GND due to stuck port clock   ;
; morse_input:u_input|morse_memory~283    ; Stuck at GND due to stuck port clock   ;
; morse_input:u_input|morse_memory~284    ; Stuck at GND due to stuck port clock   ;
; morse_input:u_input|morse_memory~285    ; Stuck at GND due to stuck port clock   ;
; morse_input:u_input|morse_memory~286    ; Stuck at GND due to stuck port clock   ;
; morse_input:u_input|morse_memory~287    ; Stuck at GND due to stuck port clock   ;
; morse_input:u_input|morse_memory~288    ; Stuck at GND due to stuck port clock   ;
; morse_input:u_input|morse_memory~289    ; Stuck at GND due to stuck port clock   ;
; morse_input:u_input|morse_memory~290    ; Stuck at GND due to stuck port clock   ;
; morse_input:u_input|morse_memory~291    ; Stuck at GND due to stuck port clock   ;
; morse_input:u_input|morse_memory~292    ; Stuck at GND due to stuck port clock   ;
; morse_input:u_input|morse_memory~293    ; Stuck at GND due to stuck port clock   ;
; morse_input:u_input|morse_memory~294    ; Stuck at GND due to stuck port clock   ;
; morse_input:u_input|morse_memory~295    ; Stuck at GND due to stuck port clock   ;
; morse_input:u_input|morse_memory~296    ; Stuck at GND due to stuck port clock   ;
; morse_input:u_input|morse_memory~297    ; Stuck at GND due to stuck port clock   ;
; morse_input:u_input|morse_memory~298    ; Stuck at GND due to stuck port clock   ;
; morse_input:u_input|morse_memory~299    ; Stuck at GND due to stuck port clock   ;
; morse_input:u_input|morse_memory~300    ; Stuck at GND due to stuck port clock   ;
; morse_input:u_input|morse_memory~301    ; Stuck at GND due to stuck port clock   ;
; morse_input:u_input|morse_memory~302    ; Stuck at GND due to stuck port clock   ;
; morse_input:u_input|morse_memory~303    ; Stuck at GND due to stuck port clock   ;
; morse_input:u_input|morse_memory~304    ; Stuck at GND due to stuck port clock   ;
; morse_input:u_input|morse_memory~305    ; Stuck at GND due to stuck port clock   ;
; morse_input:u_input|morse_memory~306    ; Stuck at GND due to stuck port clock   ;
; morse_input:u_input|morse_memory~307    ; Stuck at GND due to stuck port clock   ;
; morse_input:u_input|morse_memory~308    ; Stuck at GND due to stuck port clock   ;
; morse_input:u_input|morse_memory~309    ; Stuck at GND due to stuck port clock   ;
; morse_input:u_input|morse_memory~310    ; Stuck at GND due to stuck port clock   ;
; morse_input:u_input|morse_memory~311    ; Stuck at GND due to stuck port clock   ;
; morse_input:u_input|morse_memory~312    ; Stuck at GND due to stuck port clock   ;
; morse_input:u_input|morse_memory~313    ; Stuck at GND due to stuck port clock   ;
; morse_input:u_input|morse_memory~314    ; Stuck at GND due to stuck port clock   ;
; morse_input:u_input|morse_memory~315    ; Stuck at GND due to stuck port clock   ;
; morse_input:u_input|morse_memory~316    ; Stuck at GND due to stuck port clock   ;
; morse_input:u_input|morse_memory~317    ; Stuck at GND due to stuck port clock   ;
; morse_input:u_input|morse_memory~318    ; Stuck at GND due to stuck port clock   ;
; morse_input:u_input|morse_memory~319    ; Stuck at GND due to stuck port clock   ;
; morse_input:u_input|morse_memory~320    ; Stuck at GND due to stuck port clock   ;
; morse_input:u_input|morse_memory~321    ; Stuck at GND due to stuck port clock   ;
; morse_input:u_input|morse_memory~322    ; Stuck at GND due to stuck port clock   ;
; morse_input:u_input|morse_memory~323    ; Stuck at GND due to stuck port clock   ;
; morse_input:u_input|morse_memory~324    ; Stuck at GND due to stuck port clock   ;
; morse_input:u_input|morse_memory~325    ; Stuck at GND due to stuck port clock   ;
; morse_input:u_input|morse_memory~326    ; Stuck at GND due to stuck port clock   ;
; morse_input:u_input|morse_memory~327    ; Stuck at GND due to stuck port clock   ;
; morse_input:u_input|morse_memory~328    ; Stuck at GND due to stuck port clock   ;
; morse_input:u_input|morse_memory~329    ; Stuck at GND due to stuck port clock   ;
; morse_input:u_input|morse_memory~330    ; Stuck at GND due to stuck port clock   ;
; morse_input:u_input|morse_memory~331    ; Stuck at GND due to stuck port clock   ;
; morse_input:u_input|morse_memory~332    ; Stuck at GND due to stuck port clock   ;
; morse_input:u_input|morse_memory~333    ; Stuck at GND due to stuck port clock   ;
; morse_input:u_input|morse_memory~334    ; Stuck at GND due to stuck port clock   ;
; morse_input:u_input|morse_memory~335    ; Stuck at GND due to stuck port clock   ;
; morse_input:u_input|morse_memory~336    ; Stuck at GND due to stuck port clock   ;
; morse_input:u_input|morse_memory~337    ; Stuck at GND due to stuck port clock   ;
; morse_input:u_input|morse_memory~338    ; Stuck at GND due to stuck port clock   ;
; morse_input:u_input|morse_memory~339    ; Stuck at GND due to stuck port clock   ;
; morse_input:u_input|morse_memory~340    ; Stuck at GND due to stuck port clock   ;
; morse_input:u_input|morse_memory~341    ; Stuck at GND due to stuck port clock   ;
; morse_input:u_input|morse_memory~342    ; Stuck at GND due to stuck port clock   ;
; morse_input:u_input|morse_memory~343    ; Stuck at GND due to stuck port clock   ;
; morse_input:u_input|morse_memory~344    ; Stuck at GND due to stuck port clock   ;
; morse_input:u_input|morse_memory~345    ; Stuck at GND due to stuck port clock   ;
; morse_input:u_input|morse_memory~346    ; Stuck at GND due to stuck port clock   ;
; morse_input:u_input|morse_memory~347    ; Stuck at GND due to stuck port clock   ;
; morse_input:u_input|morse_memory~348    ; Stuck at GND due to stuck port clock   ;
; morse_input:u_input|morse_memory~349    ; Stuck at GND due to stuck port clock   ;
; morse_input:u_input|morse_memory~350    ; Stuck at GND due to stuck port clock   ;
; morse_input:u_input|morse_memory~351    ; Stuck at GND due to stuck port clock   ;
; morse_input:u_input|morse_memory~352    ; Stuck at GND due to stuck port clock   ;
; morse_input:u_input|morse_memory~353    ; Stuck at GND due to stuck port clock   ;
; morse_input:u_input|morse_memory~354    ; Stuck at GND due to stuck port clock   ;
; morse_input:u_input|morse_memory~355    ; Stuck at GND due to stuck port clock   ;
; morse_input:u_input|morse_memory~356    ; Stuck at GND due to stuck port clock   ;
; morse_input:u_input|morse_memory~357    ; Stuck at GND due to stuck port clock   ;
; morse_input:u_input|morse_memory~358    ; Stuck at GND due to stuck port clock   ;
; morse_input:u_input|morse_memory~359    ; Stuck at GND due to stuck port clock   ;
; morse_input:u_input|morse_memory~360    ; Stuck at GND due to stuck port clock   ;
; morse_input:u_input|morse_memory~361    ; Stuck at GND due to stuck port clock   ;
; morse_input:u_input|morse_memory~362    ; Stuck at GND due to stuck port clock   ;
; morse_input:u_input|morse_memory~363    ; Stuck at GND due to stuck port clock   ;
; morse_input:u_input|morse_memory~364    ; Stuck at GND due to stuck port clock   ;
; morse_input:u_input|morse_memory~365    ; Stuck at GND due to stuck port clock   ;
; morse_input:u_input|morse_memory~366    ; Stuck at GND due to stuck port clock   ;
; morse_input:u_input|morse_memory~367    ; Stuck at GND due to stuck port clock   ;
; morse_input:u_input|morse_memory~368    ; Stuck at GND due to stuck port clock   ;
; morse_input:u_input|morse_memory~369    ; Stuck at GND due to stuck port clock   ;
; morse_input:u_input|morse_memory~370    ; Stuck at GND due to stuck port clock   ;
; morse_input:u_input|morse_memory~371    ; Stuck at GND due to stuck port clock   ;
; morse_input:u_input|morse_memory~372    ; Stuck at GND due to stuck port clock   ;
; morse_input:u_input|morse_memory~373    ; Stuck at GND due to stuck port clock   ;
; morse_input:u_input|morse_memory~374    ; Stuck at GND due to stuck port clock   ;
; morse_input:u_input|morse_memory~375    ; Stuck at GND due to stuck port clock   ;
; morse_input:u_input|morse_memory~376    ; Stuck at GND due to stuck port clock   ;
; morse_input:u_input|morse_memory~377    ; Stuck at GND due to stuck port clock   ;
; morse_input:u_input|morse_memory~378    ; Stuck at GND due to stuck port clock   ;
; morse_input:u_input|morse_memory~379    ; Stuck at GND due to stuck port clock   ;
; morse_input:u_input|morse_memory~380    ; Stuck at GND due to stuck port clock   ;
; morse_input:u_input|morse_memory~381    ; Stuck at GND due to stuck port clock   ;
; morse_input:u_input|morse_memory~382    ; Stuck at GND due to stuck port clock   ;
; morse_input:u_input|morse_memory~383    ; Stuck at GND due to stuck port clock   ;
; morse_input:u_input|morse_memory~384    ; Stuck at GND due to stuck port clock   ;
; morse_input:u_input|morse_memory~385    ; Stuck at GND due to stuck port clock   ;
; morse_input:u_input|morse_memory~386    ; Stuck at GND due to stuck port clock   ;
; morse_input:u_input|morse_memory~387    ; Stuck at GND due to stuck port clock   ;
; morse_input:u_input|morse_memory~388    ; Stuck at GND due to stuck port clock   ;
; morse_input:u_input|morse_memory~389    ; Stuck at GND due to stuck port clock   ;
; morse_input:u_input|morse_memory~390    ; Stuck at GND due to stuck port clock   ;
; morse_input:u_input|morse_memory~391    ; Stuck at GND due to stuck port clock   ;
; morse_input:u_input|morse_memory~392    ; Stuck at GND due to stuck port clock   ;
; morse_input:u_input|morse_memory~393    ; Stuck at GND due to stuck port clock   ;
; morse_input:u_input|morse_memory~394    ; Stuck at GND due to stuck port clock   ;
; morse_input:u_input|morse_memory~395    ; Stuck at GND due to stuck port clock   ;
; morse_input:u_input|morse_memory~396    ; Stuck at GND due to stuck port clock   ;
; morse_input:u_input|morse_memory~397    ; Stuck at GND due to stuck port clock   ;
; morse_input:u_input|morse_memory~398    ; Stuck at GND due to stuck port clock   ;
; morse_input:u_input|morse_memory~399    ; Stuck at GND due to stuck port clock   ;
; morse_input:u_input|morse_memory~400    ; Stuck at GND due to stuck port clock   ;
; morse_input:u_input|morse_memory~401    ; Stuck at GND due to stuck port clock   ;
; morse_input:u_input|morse_memory~402    ; Stuck at GND due to stuck port clock   ;
; morse_input:u_input|morse_memory~403    ; Stuck at GND due to stuck port clock   ;
; morse_input:u_input|morse_memory~404    ; Stuck at GND due to stuck port clock   ;
; morse_input:u_input|morse_memory~405    ; Stuck at GND due to stuck port clock   ;
; morse_input:u_input|morse_memory~406    ; Stuck at GND due to stuck port clock   ;
; morse_input:u_input|morse_memory~407    ; Stuck at GND due to stuck port clock   ;
; morse_input:u_input|morse_memory~408    ; Stuck at GND due to stuck port clock   ;
; morse_input:u_input|morse_memory~409    ; Stuck at GND due to stuck port clock   ;
; morse_input:u_input|morse_memory~410    ; Stuck at GND due to stuck port clock   ;
; morse_input:u_input|morse_memory~411    ; Stuck at GND due to stuck port clock   ;
; morse_input:u_input|morse_memory~412    ; Stuck at GND due to stuck port clock   ;
; morse_input:u_input|morse_memory~413    ; Stuck at GND due to stuck port clock   ;
; morse_input:u_input|morse_memory~414    ; Stuck at GND due to stuck port clock   ;
; morse_input:u_input|morse_memory~415    ; Stuck at GND due to stuck port clock   ;
; morse_input:u_input|morse_memory~416    ; Stuck at GND due to stuck port clock   ;
; morse_input:u_input|morse_memory~417    ; Stuck at GND due to stuck port clock   ;
; morse_input:u_input|morse_memory~418    ; Stuck at GND due to stuck port clock   ;
; morse_input:u_input|morse_memory~419    ; Stuck at GND due to stuck port clock   ;
; morse_input:u_input|morse_memory~420    ; Stuck at GND due to stuck port clock   ;
; morse_input:u_input|morse_memory~421    ; Stuck at GND due to stuck port clock   ;
; morse_input:u_input|morse_memory~422    ; Stuck at GND due to stuck port clock   ;
; morse_input:u_input|morse_memory~423    ; Stuck at GND due to stuck port clock   ;
; morse_input:u_input|morse_memory~424    ; Stuck at GND due to stuck port clock   ;
; morse_input:u_input|morse_memory~425    ; Stuck at GND due to stuck port clock   ;
; morse_input:u_input|morse_memory~426    ; Stuck at GND due to stuck port clock   ;
; morse_input:u_input|morse_memory~427    ; Stuck at GND due to stuck port clock   ;
; morse_input:u_input|morse_memory~428    ; Stuck at GND due to stuck port clock   ;
; morse_input:u_input|morse_memory~429    ; Stuck at GND due to stuck port clock   ;
; morse_input:u_input|morse_memory~430    ; Stuck at GND due to stuck port clock   ;
; morse_input:u_input|morse_memory~431    ; Stuck at GND due to stuck port clock   ;
; morse_input:u_input|morse_memory~432    ; Stuck at GND due to stuck port clock   ;
; morse_input:u_input|morse_memory~433    ; Stuck at GND due to stuck port clock   ;
; morse_input:u_input|morse_memory~434    ; Stuck at GND due to stuck port clock   ;
; morse_input:u_input|morse_memory~435    ; Stuck at GND due to stuck port clock   ;
; morse_input:u_input|morse_memory~436    ; Stuck at GND due to stuck port clock   ;
; morse_input:u_input|morse_memory~437    ; Stuck at GND due to stuck port clock   ;
; morse_input:u_input|morse_memory~438    ; Stuck at GND due to stuck port clock   ;
; morse_input:u_input|morse_memory~439    ; Stuck at GND due to stuck port clock   ;
; morse_input:u_input|morse_memory~440    ; Stuck at GND due to stuck port clock   ;
; morse_input:u_input|morse_memory~441    ; Stuck at GND due to stuck port clock   ;
; morse_input:u_input|morse_memory~442    ; Stuck at GND due to stuck port clock   ;
; morse_input:u_input|morse_memory~443    ; Stuck at GND due to stuck port clock   ;
; morse_input:u_input|morse_memory~444    ; Stuck at GND due to stuck port clock   ;
; morse_input:u_input|morse_memory~445    ; Stuck at GND due to stuck port clock   ;
; morse_input:u_input|morse_memory~446    ; Stuck at GND due to stuck port clock   ;
; morse_input:u_input|morse_memory~447    ; Stuck at GND due to stuck port clock   ;
; morse_input:u_input|morse_memory~448    ; Stuck at GND due to stuck port clock   ;
; morse_input:u_input|morse_memory~449    ; Stuck at GND due to stuck port clock   ;
; morse_input:u_input|morse_memory~450    ; Stuck at GND due to stuck port clock   ;
; morse_input:u_input|morse_memory~451    ; Stuck at GND due to stuck port clock   ;
; morse_input:u_input|morse_memory~452    ; Stuck at GND due to stuck port clock   ;
; morse_input:u_input|morse_memory~453    ; Stuck at GND due to stuck port clock   ;
; morse_input:u_input|morse_memory~454    ; Stuck at GND due to stuck port clock   ;
; morse_input:u_input|morse_memory~455    ; Stuck at GND due to stuck port clock   ;
; morse_input:u_input|morse_memory~456    ; Stuck at GND due to stuck port clock   ;
; morse_input:u_input|morse_memory~457    ; Stuck at GND due to stuck port clock   ;
; morse_input:u_input|morse_memory~458    ; Stuck at GND due to stuck port clock   ;
; morse_input:u_input|morse_memory~459    ; Stuck at GND due to stuck port clock   ;
; morse_input:u_input|morse_memory~460    ; Stuck at GND due to stuck port clock   ;
; morse_input:u_input|morse_memory~461    ; Stuck at GND due to stuck port clock   ;
; morse_input:u_input|morse_memory~462    ; Stuck at GND due to stuck port clock   ;
; morse_input:u_input|morse_memory~463    ; Stuck at GND due to stuck port clock   ;
; morse_input:u_input|morse_memory~464    ; Stuck at GND due to stuck port clock   ;
; morse_input:u_input|morse_memory~465    ; Stuck at GND due to stuck port clock   ;
; morse_input:u_input|morse_memory~466    ; Stuck at GND due to stuck port clock   ;
; morse_input:u_input|morse_memory~467    ; Stuck at GND due to stuck port clock   ;
; morse_input:u_input|morse_memory~468    ; Stuck at GND due to stuck port clock   ;
; morse_input:u_input|morse_memory~469    ; Stuck at GND due to stuck port clock   ;
; morse_input:u_input|morse_memory~470    ; Stuck at GND due to stuck port clock   ;
; morse_input:u_input|morse_memory~471    ; Stuck at GND due to stuck port clock   ;
; morse_input:u_input|morse_memory~472    ; Stuck at GND due to stuck port clock   ;
; morse_input:u_input|morse_memory~473    ; Stuck at GND due to stuck port clock   ;
; morse_input:u_input|morse_memory~474    ; Stuck at GND due to stuck port clock   ;
; morse_input:u_input|morse_memory~475    ; Stuck at GND due to stuck port clock   ;
; morse_input:u_input|morse_memory~476    ; Stuck at GND due to stuck port clock   ;
; morse_input:u_input|morse_memory~477    ; Stuck at GND due to stuck port clock   ;
; morse_input:u_input|morse_memory~478    ; Stuck at GND due to stuck port clock   ;
; morse_input:u_input|morse_memory~479    ; Stuck at GND due to stuck port clock   ;
; morse_input:u_input|morse_memory~480    ; Stuck at GND due to stuck port clock   ;
; morse_input:u_input|morse_memory~481    ; Stuck at GND due to stuck port clock   ;
; morse_input:u_input|morse_memory~482    ; Stuck at GND due to stuck port clock   ;
; morse_input:u_input|morse_memory~483    ; Stuck at GND due to stuck port clock   ;
; morse_input:u_input|morse_memory~484    ; Stuck at GND due to stuck port clock   ;
; morse_input:u_input|morse_memory~485    ; Stuck at GND due to stuck port clock   ;
; morse_input:u_input|morse_memory~486    ; Stuck at GND due to stuck port clock   ;
; morse_input:u_input|morse_memory~487    ; Stuck at GND due to stuck port clock   ;
; morse_input:u_input|morse_memory~488    ; Stuck at GND due to stuck port clock   ;
; morse_input:u_input|morse_memory~489    ; Stuck at GND due to stuck port clock   ;
; morse_input:u_input|morse_memory~490    ; Stuck at GND due to stuck port clock   ;
; morse_input:u_input|morse_memory~491    ; Stuck at GND due to stuck port clock   ;
; morse_input:u_input|morse_memory~492    ; Stuck at GND due to stuck port clock   ;
; morse_input:u_input|morse_memory~493    ; Stuck at GND due to stuck port clock   ;
; morse_input:u_input|morse_memory~494    ; Stuck at GND due to stuck port clock   ;
; morse_input:u_input|morse_memory~495    ; Stuck at GND due to stuck port clock   ;
; morse_input:u_input|morse_memory~496    ; Stuck at GND due to stuck port clock   ;
; morse_input:u_input|morse_memory~497    ; Stuck at GND due to stuck port clock   ;
; morse_input:u_input|morse_memory~498    ; Stuck at GND due to stuck port clock   ;
; morse_input:u_input|morse_memory~499    ; Stuck at GND due to stuck port clock   ;
; morse_input:u_input|morse_memory~500    ; Stuck at GND due to stuck port clock   ;
; morse_input:u_input|morse_memory~501    ; Stuck at GND due to stuck port clock   ;
; morse_input:u_input|morse_memory~502    ; Stuck at GND due to stuck port clock   ;
; morse_input:u_input|morse_memory~503    ; Stuck at GND due to stuck port clock   ;
; morse_input:u_input|morse_memory~504    ; Stuck at GND due to stuck port clock   ;
; morse_input:u_input|morse_memory~505    ; Stuck at GND due to stuck port clock   ;
; morse_input:u_input|morse_memory~506    ; Stuck at GND due to stuck port clock   ;
; morse_input:u_input|morse_memory~507    ; Stuck at GND due to stuck port clock   ;
; morse_input:u_input|morse_memory~508    ; Stuck at GND due to stuck port clock   ;
; morse_input:u_input|morse_memory~509    ; Stuck at GND due to stuck port clock   ;
; morse_input:u_input|morse_memory~510    ; Stuck at GND due to stuck port clock   ;
; morse_input:u_input|morse_memory~511    ; Stuck at GND due to stuck port clock   ;
; morse_input:u_input|output_buffer[6,7]  ; Stuck at GND due to stuck port data_in ;
; Total Number of Removed Registers = 519 ;                                        ;
+-----------------------------------------+----------------------------------------+


+-------------------------------------------------------------------------------------------------------+
; Removed Registers Triggering Further Register Optimizations                                           ;
+------------------------------------+-------------------------+----------------------------------------+
; Register name                      ; Reason for Removal      ; Registers Removed due to This Register ;
+------------------------------------+-------------------------+----------------------------------------+
; morse_input:u_input|morse_memory~6 ; Stuck at GND            ; morse_input:u_input|output_buffer[6]   ;
;                                    ; due to stuck port clock ;                                        ;
; morse_input:u_input|morse_memory~7 ; Stuck at GND            ; morse_input:u_input|output_buffer[7]   ;
;                                    ; due to stuck port clock ;                                        ;
+------------------------------------+-------------------------+----------------------------------------+


+------------------------------------------------------+
; General Register Statistics                          ;
+----------------------------------------------+-------+
; Statistic                                    ; Value ;
+----------------------------------------------+-------+
; Total registers                              ; 133   ;
; Number of registers using Synchronous Clear  ; 104   ;
; Number of registers using Synchronous Load   ; 0     ;
; Number of registers using Asynchronous Clear ; 0     ;
; Number of registers using Asynchronous Load  ; 0     ;
; Number of registers using Clock Enable       ; 50    ;
; Number of registers using Preset             ; 0     ;
+----------------------------------------------+-------+


+--------------------------------------------------+
; Inverted Register Statistics                     ;
+----------------------------------------+---------+
; Inverted Register                      ; Fan out ;
+----------------------------------------+---------+
; morse_input:u_input|reset_stable       ; 11      ;
; morse_input:u_input|morse_stable       ; 12      ;
; morse_input:u_input|reset_prev         ; 3       ;
; morse_input:u_input|morse_prev         ; 3       ;
; Total number of inverted registers = 4 ;         ;
+----------------------------------------+---------+


+-------------------------------------------------------------------------------------------------------------------------------------------------------------------------+
; Multiplexer Restructuring Statistics (Restructuring Performed)                                                                                                          ;
+--------------------+-----------+---------------+----------------------+------------------------+------------+-----------------------------------------------------------+
; Multiplexer Inputs ; Bus Width ; Baseline Area ; Area if Restructured ; Saving if Restructured ; Registered ; Example Multiplexer Output                                ;
+--------------------+-----------+---------------+----------------------+------------------------+------------+-----------------------------------------------------------+
; 3:1                ; 20 bits   ; 40 LEs        ; 0 LEs                ; 40 LEs                 ; Yes        ; |morse_top|morse_input:u_input|debounce_counter_morse[13] ;
; 3:1                ; 20 bits   ; 40 LEs        ; 0 LEs                ; 40 LEs                 ; Yes        ; |morse_top|morse_input:u_input|debounce_counter_reset[10] ;
; 3:1                ; 32 bits   ; 64 LEs        ; 0 LEs                ; 64 LEs                 ; Yes        ; |morse_top|morse_input:u_input|press_counter[15]          ;
; 3:1                ; 32 bits   ; 64 LEs        ; 0 LEs                ; 64 LEs                 ; Yes        ; |morse_top|morse_input:u_input|release_counter[2]         ;
; 4:1                ; 5 bits    ; 10 LEs        ; 10 LEs               ; 0 LEs                  ; Yes        ; |morse_top|morse_input:u_input|morse_pattern[3]           ;
; 4:1                ; 7 bits    ; 14 LEs        ; 14 LEs               ; 0 LEs                  ; Yes        ; |morse_top|morse_input:u_input|output_buffer[0]           ;
+--------------------+-----------+---------------+----------------------+------------------------+------------+-----------------------------------------------------------+


+------------------------------------------------------------------+
; Parameter Settings for User Entity Instance: morse_input:u_input ;
+----------------+-----------+-------------------------------------+
; Parameter Name ; Value     ; Type                                ;
+----------------+-----------+-------------------------------------+
; DOT_TIME       ; 25000000  ; Signed Integer                      ;
; DASH_TIME      ; 75000000  ; Signed Integer                      ;
; SYMBOL_GAP     ; 25000000  ; Signed Integer                      ;
; LETTER_GAP     ; 125000000 ; Signed Integer                      ;
+----------------+-----------+-------------------------------------+
Note: In order to hide this table in the UI and the text report file, please set the "Show Parameter Settings in Synthesis Report" option in "Analysis and Synthesis Settings -> More Settings" to "Off".


+-----------------------------------------------------+
; Post-Synthesis Netlist Statistics for Top Partition ;
+-----------------------+-----------------------------+
; Type                  ; Count                       ;
+-----------------------+-----------------------------+
; arriav_ff             ; 133                         ;
;     ENA               ; 10                          ;
;     ENA SCLR          ; 40                          ;
;     SCLR              ; 64                          ;
;     plain             ; 19                          ;
; arriav_lcell_comb     ; 195                         ;
;     arith             ; 104                         ;
;         1 data inputs ; 104                         ;
;     normal            ; 91                          ;
;         0 data inputs ; 1                           ;
;         1 data inputs ; 4                           ;
;         2 data inputs ; 3                           ;
;         3 data inputs ; 5                           ;
;         4 data inputs ; 29                          ;
;         5 data inputs ; 25                          ;
;         6 data inputs ; 24                          ;
; boundary_port         ; 18                          ;
;                       ;                             ;
; Max LUT depth         ; 4.10                        ;
; Average LUT depth     ; 2.86                        ;
+-----------------------+-----------------------------+


+-------------------------------+
; Elapsed Time Per Partition    ;
+----------------+--------------+
; Partition Name ; Elapsed Time ;
+----------------+--------------+
; Top            ; 00:00:00     ;
+----------------+--------------+


+-------------------------------+
; Analysis & Synthesis Messages ;
+-------------------------------+
Info: *******************************************************************
Info: Running Quartus Prime Analysis & Synthesis
    Info: Version 18.1.0 Build 625 09/12/2018 SJ Lite Edition
    Info: Processing started: Tue Dec 16 14:23:35 2025
Info: Command: quartus_map --read_settings_files=on --write_settings_files=off morse -c morse
Warning (18236): Number of processors has not been specified which may cause overloading on shared machines.  Set the global assignment NUM_PARALLEL_PROCESSORS in your QSF to an appropriate value for best performance.
Info (20030): Parallel compilation is enabled and will use 6 of the 6 processors detected
Warning (12019): Can't analyze file -- file morse.v is missing
Warning (12019): Can't analyze file -- file display.v is missing
Info (12021): Found 1 design units, including 1 entities, in source file morse_top.v
    Info (12023): Found entity 1: morse_top File: D:/Repos/altera_morse_decoder/src/morse_top.v Line: 1
Info (12021): Found 1 design units, including 1 entities, in source file morse_input.v
    Info (12023): Found entity 1: morse_input File: D:/Repos/altera_morse_decoder/src/morse_input.v Line: 1
Info (12021): Found 1 design units, including 1 entities, in source file morse_to_hex.v
    Info (12023): Found entity 1: morse_to_hex File: D:/Repos/altera_morse_decoder/src/morse_to_hex.v Line: 1
Info (12021): Found 1 design units, including 1 entities, in source file seven_seg_driver.v
    Info (12023): Found entity 1: seven_seg_driver File: D:/Repos/altera_morse_decoder/src/seven_seg_driver.v Line: 1
Info (12127): Elaborating entity "morse_top" for the top level hierarchy
Info (12128): Elaborating entity "morse_input" for hierarchy "morse_input:u_input" File: D:/Repos/altera_morse_decoder/src/morse_top.v Line: 18
Warning (10036): Verilog HDL or VHDL warning at morse_input.v(29): object "morse_released" assigned a value but never read File: D:/Repos/altera_morse_decoder/src/morse_input.v Line: 29
Warning (10030): Net "morse_memory.data_a" at morse_input.v(32) has no driver or initial value, using a default initial value '0' File: D:/Repos/altera_morse_decoder/src/morse_input.v Line: 32
Warning (10030): Net "morse_memory.waddr_a" at morse_input.v(32) has no driver or initial value, using a default initial value '0' File: D:/Repos/altera_morse_decoder/src/morse_input.v Line: 32
Warning (10030): Net "morse_memory.we_a" at morse_input.v(32) has no driver or initial value, using a default initial value '0' File: D:/Repos/altera_morse_decoder/src/morse_input.v Line: 32
Info (12128): Elaborating entity "morse_to_hex" for hierarchy "morse_to_hex:u_hex" File: D:/Repos/altera_morse_decoder/src/morse_top.v Line: 24
Info (12128): Elaborating entity "seven_seg_driver" for hierarchy "seven_seg_driver:u_driver" File: D:/Repos/altera_morse_decoder/src/morse_top.v Line: 32
Info (276014): Found 1 instances of uninferred RAM logic
    Info (276004): RAM logic "morse_input:u_input|morse_memory" is uninferred due to inappropriate RAM size File: D:/Repos/altera_morse_decoder/src/morse_input.v Line: 32
Warning (127007): Memory Initialization File or Hexadecimal (Intel-Format) File "D:/Repos/altera_morse_decoder/src/db/morse.ram0_morse_input_3485753f.hdl.mif" contains "don't care" values -- overwriting them with 0s
Warning (13024): Output pins are stuck at VCC or GND
    Warning (13410): Pin "leds[3]" is stuck at GND File: D:/Repos/altera_morse_decoder/src/morse_top.v Line: 7
    Warning (13410): Pin "leds[4]" is stuck at GND File: D:/Repos/altera_morse_decoder/src/morse_top.v Line: 7
    Warning (13410): Pin "leds[5]" is stuck at GND File: D:/Repos/altera_morse_decoder/src/morse_top.v Line: 7
    Warning (13410): Pin "leds[6]" is stuck at GND File: D:/Repos/altera_morse_decoder/src/morse_top.v Line: 7
    Warning (13410): Pin "leds[7]" is stuck at GND File: D:/Repos/altera_morse_decoder/src/morse_top.v Line: 7
Info (286030): Timing-Driven Synthesis is running
Info (16010): Generating hard_block partition "hard_block:auto_generated_inst"
    Info (16011): Adding 0 node(s), including 0 DDIO, 0 PLL, 0 transceiver and 0 LCELL
Info (21057): Implemented 213 device resources after synthesis - the final resource count might be different
    Info (21058): Implemented 3 input pins
    Info (21059): Implemented 15 output pins
    Info (21061): Implemented 195 logic cells
Info: Quartus Prime Analysis & Synthesis was successful. 0 errors, 14 warnings
    Info: Peak virtual memory: 4852 megabytes
    Info: Processing ended: Tue Dec 16 14:23:43 2025
    Info: Elapsed time: 00:00:08
    Info: Total CPU time (on all processors): 00:00:16


